2025-12-26 15:43:15.851471 [warning] Reading of configuration file "./vsomeip/makefile" failed. Configuration may be incomplete.
2025-12-26 15:43:15.851528 [info] Using configuration folder: "./vsomeip".
2025-12-26 15:43:15.851533 [info] Parsed vsomeip configuration in 0ms
2025-12-26 15:43:15.851536 [info] Configuration module loaded.
2025-12-26 15:43:15.851538 [info] Security disabled!
2025-12-26 15:43:15.851541 [info] Initializing vsomeip (3.5.11) application "vsomeip_publisher".
2025-12-26 15:43:15.851551 [info] Instantiating routing manager [Proxy].
2025-12-26 15:43:15.851591 [info] Application(vsomeip_publisher, 1001) is initialized (11, 100).
2025-12-26 15:43:15.862907 [info] Starting vsomeip application "vsomeip_publisher" (1001) using 2 threads I/O nice 0 boost event loop period 0
2025-12-26 15:43:15.863020 [info] Client [1001] is connecting to [0] at /tmp/vsomeip-0 endpoint > 0xffff7c001290
2025-12-26 15:43:15.863099 [info] Started thread 1001_io00, application 'vsomeip_publisher', id ffff826bf100, tid 31530
2025-12-26 15:43:15.863107 [info] cei::wait_connecting_cbk: remote > /tmp/vsomeip-0, endpoint > 0xffff7c001290 socket state > CONNECTING
2025-12-26 15:43:15.863111 [info] assign_client: (1001:vsomeip_publisher)
2025-12-26 15:43:15.866894 [info] create_local_server: Listening @ /tmp/vsomeip-1001
2025-12-26 15:43:15.866902 [info] Client 1001 (vsomeip_publisher) successfully connected to routing  ~> registering..
2025-12-26 15:43:15.866905 [info] Client 1001 Registering to routing manager @ vsomeip-0
2025-12-26 15:43:15.868517 [info] lusei::accept_cbk: server @ /tmp/vsomeip-1001 accepted connection 0xffff7c003350 from client [0100], endpoint > 0xffff7c002cd0
2025-12-26 15:43:15.868537 [info] Application/Client 1001 (vsomeip_publisher) is registered.
2025-12-26 15:43:15.870554 [info] Started thread 1001_io01, application 'vsomeip_publisher', id ffff7b7ef100, tid 31535
2025-12-26 15:43:15.872148 [info] Started thread 1001_shutdown, application 'vsomeip_publisher', id ffff7bfff100, tid 31534
2025-12-26 15:43:15.876779 [info] Started thread 1001_m_dispatch, application 'vsomeip_publisher', id ffff80e8f100, tid 31533
2025-12-26 15:43:15.876866 [info] emb::find_or_create_local: self 1001, client 100
2025-12-26 15:43:15.876873 [info] Client [1001] is connecting to [100] at /tmp/vsomeip-100 endpoint > 0xffff7c003ba0
2025-12-26 15:43:15.876893 [warning] routing_manager_base::insert_subscription(0100): [1234.5678.0001.ffff] received subscription for unknown (unrequested / unoffered) eventgroup. Creating placeholder event holding subscription until event is requested/offered.
2025-12-26 15:43:15.876923 [info] SUBSCRIBE(0100): [1234.5678.0001:ffff:0] false accepted
2025-12-26 15:43:15.876926 [info] SUBSCRIBE(0100): [1234.5678.0001:ffff:0] false
2025-12-26 15:43:15.876931 [info] cei::wait_connecting_cbk: remote > /tmp/vsomeip-100, endpoint > 0xffff7c003ba0 socket state > CONNECTING
2025-12-26 15:43:15.877003 [info] offer_event: Event [1234.5678.0421] uses configured cycle time 0ms
2025-12-26 15:43:15.877028 [info] REGISTER EVENT(1001): [1234.5678.0421:is_provider=true]
