2025-12-26 15:43:11.755540 [warning] Reading of configuration file "./vsomeip/makefile" failed. Configuration may be incomplete.
2025-12-26 15:43:11.755606 [info] Using configuration folder: "./vsomeip".
2025-12-26 15:43:11.755610 [info] Parsed vsomeip configuration in 0ms
2025-12-26 15:43:11.755614 [info] Configuration module loaded.
2025-12-26 15:43:11.755616 [info] Security disabled!
2025-12-26 15:43:11.755618 [info] Initializing vsomeip (3.5.11) application "vsomeip_publisher".
2025-12-26 15:43:11.755630 [info] Instantiating routing manager [Proxy].
2025-12-26 15:43:11.755671 [info] Application(vsomeip_publisher, 1001) is initialized (11, 100).
2025-12-26 15:43:11.767795 [info] Starting vsomeip application "vsomeip_publisher" (1001) using 2 threads I/O nice 0 boost event loop period 0
2025-12-26 15:43:11.767900 [info] Client [1001] is connecting to [0] at /tmp/vsomeip-0 endpoint > 0xffff8c001290
2025-12-26 15:43:11.768013 [info] Started thread 1001_io00, application 'vsomeip_publisher', id ffff9336f100, tid 31444
2025-12-26 15:43:11.768021 [info] cei::wait_connecting_cbk: remote > /tmp/vsomeip-0, endpoint > 0xffff8c001290 socket state > CONNECTING
2025-12-26 15:43:11.768025 [info] assign_client: (1001:vsomeip_publisher)
2025-12-26 15:43:11.768163 [info] create_local_server: Listening @ /tmp/vsomeip-1001
2025-12-26 15:43:11.768170 [info] Client 1001 (vsomeip_publisher) successfully connected to routing  ~> registering..
2025-12-26 15:43:11.768173 [info] Client 1001 Registering to routing manager @ vsomeip-0
2025-12-26 15:43:11.768284 [info] lusei::accept_cbk: server @ /tmp/vsomeip-1001 accepted connection 0xffff8c003350 from client [0100], endpoint > 0xffff8c002cd0
2025-12-26 15:43:11.768331 [info] Application/Client 1001 (vsomeip_publisher) is registered.
2025-12-26 15:43:11.769441 [info] Started thread 1001_m_dispatch, application 'vsomeip_publisher', id ffff91b3f100, tid 31447
2025-12-26 15:43:11.769478 [info] offer_event: Event [1234.5678.0421] uses configured cycle time 0ms
2025-12-26 15:43:11.769490 [info] REGISTER EVENT(1001): [1234.5678.0421:is_provider=true]
2025-12-26 15:43:11.769527 [info] Started thread 1001_shutdown, application 'vsomeip_publisher', id ffff9132f100, tid 31448
2025-12-26 15:43:11.769537 [info] emb::find_or_create_local: self 1001, client 100
2025-12-26 15:43:11.769544 [info] Client [1001] is connecting to [100] at /tmp/vsomeip-100 endpoint > 0xffff8c003be0
2025-12-26 15:43:11.769585 [info] SUBSCRIBE(0100): [1234.5678.0001:ffff:0] false accepted
2025-12-26 15:43:11.769589 [info] SUBSCRIBE(0100): [1234.5678.0001:ffff:0] false
2025-12-26 15:43:11.769593 [info] cei::wait_connecting_cbk: remote > /tmp/vsomeip-100, endpoint > 0xffff8c003be0 socket state > CONNECTING
2025-12-26 15:43:11.806784 [info] Started thread 1001_io01, application 'vsomeip_publisher', id ffff90b1f100, tid 31449
